// Vitest Snapshot v1, https://vitest.dev/guide/snapshot.html

exports[`Navbar component > renders in the document 1`] = `
<div>
  <nav
    class="_nav_278c00"
  >
    <ul>
      <li
        class="_logo_278c00"
      >
        <a
          href="/"
        >
          <h1
            class="logo"
          >
            eShop
          </h1>
        </a>
      </li>
      <li>
        <a
          class="material-symbols-outlined"
          href="/"
        >
          home
        </a>
      </li>
      <li>
        <a
          class="material-symbols-outlined"
          href="/shop"
        >
          store
        </a>
      </li>
      <li>
        <a
          class="material-symbols-outlined"
          href="/cart"
        >
          shopping_cart
        </a>
      </li>
    </ul>
  </nav>
</div>
`;

exports[`Navbar component > renders in the document with three link components 1`] = `
<div>
  <nav
    class="_nav_278c00"
  >
    <ul>
      <li
        class="_logo_278c00"
      >
        <a
          href="/"
        >
          <h1
            class="logo"
          >
            eShop
          </h1>
        </a>
      </li>
      <li>
        <a
          class="material-symbols-outlined"
          href="/"
        >
          home
        </a>
      </li>
      <li>
        <a
          class="material-symbols-outlined"
          href="/shop"
        >
          store
        </a>
      </li>
      <li>
        <a
          class="material-symbols-outlined"
          href="/cart"
        >
          shopping_cart
        </a>
      </li>
    </ul>
  </nav>
</div>
`;
