// Vitest Snapshot v1, https://vitest.dev/guide/snapshot.html

exports[`App component > renders loading element correctly 1`] = `
<div>
  <nav
    class="_nav_278c00"
  >
    <ul>
      <li
        class="_logo_278c00"
      >
        <a
          href="/"
        >
          <h1
            class="logo"
          >
            eShop
          </h1>
        </a>
      </li>
      <li>
        <a
          class="material-symbols-outlined"
          href="/"
        >
          home
        </a>
      </li>
      <li>
        <a
          class="material-symbols-outlined"
          href="/shop"
        >
          store
        </a>
      </li>
      <li>
        <a
          class="material-symbols-outlined"
          href="/cart"
        >
          shopping_cart
        </a>
      </li>
    </ul>
  </nav>
  <div
    class="_container_da09e4"
  >
    <h1
      class="logo"
    >
      eShop
    </h1>
    <div
      class="_innerContainer_da09e4"
    >
      <p>
        Style that Speaks, Deals that Delight
      </p>
      <p>
        Your journey to fabulous finds begins here.
        <br />
        Happy Shopping!
      </p>
    </div>
    <img
      alt=""
      aria-hidden="true"
      class="_img_da09e4"
      src="/src/assets/header.jpg"
    />
  </div>
</div>
`;
